"Government","","Canada","","6","Carretera","None","1618.5","",""
"Government","","Germany","","7","Carretera","None","1321","",""
"Midmarket","","France","","8","Carretera","None","2178","","x"
"Midmarket","","Germany","","9","Carretera","None","888","","y"
"Midmarket","(empty header)","Mexico","(duplicate header)","(duplicate header)","Carretera","None","2470","","z"
